// Jest Snapshot v1, https://goo.gl/fbAQLP

exports[`Header component renders correctly when logged in 1`] = `
.c2 {
  height: 3.25rem;
  width: 3.25rem;
  line-height: 3.25rem;
  padding: 0 1rem;
  text-align: center;
  font-size: 1.5rem;
  cursor: pointer;
  border-radius: 5px;
}

.c4 {
  height: 3.25rem;
  width: auto;
  line-height: 3.25rem;
  padding: 0 1rem;
  text-align: center;
  font-size: 1.5rem;
  cursor: pointer;
  border-radius: 5px;
}

.c5 svg {
  height: 12px;
  fill: currentColor;
}

.c3 {
  margin: auto;
  display: -webkit-box;
  display: -webkit-flex;
  display: -ms-flexbox;
  display: flex;
}

.c7 {
  height: 3.25rem;
  width: auto;
  line-height: 3.25rem;
  padding: 0 1rem;
  text-align: center;
  font-size: 1.5rem;
  cursor: pointer;
  border-radius: 5px;
  font-size: 1.3rem;
}

.c0 {
  display: -webkit-box;
  display: -webkit-flex;
  display: -ms-flexbox;
  display: flex;
  -webkit-flex-direction: row;
  -ms-flex-direction: row;
  flex-direction: row;
  height: 4.25rem;
  line-height: 4.25rem;
  color: white;
}

.c1 {
  display: -webkit-box;
  display: -webkit-flex;
  display: -ms-flexbox;
  display: flex;
  -webkit-flex-direction: row;
  -ms-flex-direction: row;
  flex-direction: row;
  -webkit-flex: 1;
  -ms-flex: 1;
  flex: 1;
  padding: 0.5rem;
  -webkit-box-pack: start;
  -webkit-justify-content: flex-start;
  -ms-flex-pack: start;
  justify-content: flex-start;
}

.c6 {
  display: -webkit-box;
  display: -webkit-flex;
  display: -ms-flexbox;
  display: flex;
  -webkit-flex-direction: row;
  -ms-flex-direction: row;
  flex-direction: row;
  -webkit-flex: 1;
  -ms-flex: 1;
  flex: 1;
  padding: 0.5rem;
  -webkit-box-pack: end;
  -webkit-justify-content: flex-end;
  -ms-flex-pack: end;
  justify-content: flex-end;
}

<div
  className="c0"
>
  <div
    className="c1"
  >
    <div
      onMouseOut={[Function]}
      onMouseOver={[Function]}
    >
      <div>
        <a
          href="/sessions"
          onClick={[Function]}
        >
          <div
            className="c2"
          >
            <i
              className="fa fa-home"
            />
          </div>
        </a>
      </div>
    </div>
  </div>
  <div
    className="c1"
  >
    <div
      className="c3"
    >
      <a
        href="/"
        onClick={[Function]}
      >
        <div
          className="c4"
        >
          <div
            className="c5"
            dangerouslySetInnerHTML={
              Object {
                "__html": Object {},
              }
            }
            height="12px"
          />
        </div>
      </a>
    </div>
  </div>
  <div
    className="c6"
  >
    <div
      className="c7"
    >
      
    </div>
    <a
      href="/settings"
      onClick={[Function]}
    >
      <div
        className="c2"
      >
        <i
          className="fa fa-cog"
        />
      </div>
    </a>
  </div>
</div>
`;

exports[`Header component renders correctly with no user 1`] = `
.c2 {
  height: 3.25rem;
  width: 3.25rem;
  line-height: 3.25rem;
  padding: 0 1rem;
  text-align: center;
  font-size: 1.5rem;
  cursor: pointer;
  border-radius: 5px;
}

.c4 {
  height: 3.25rem;
  width: auto;
  line-height: 3.25rem;
  padding: 0 1rem;
  text-align: center;
  font-size: 1.5rem;
  cursor: pointer;
  border-radius: 5px;
}

.c5 svg {
  height: 12px;
  fill: currentColor;
}

.c3 {
  margin: auto;
  display: -webkit-box;
  display: -webkit-flex;
  display: -ms-flexbox;
  display: flex;
}

.c7 {
  height: 3.25rem;
  width: auto;
  line-height: 3.25rem;
  padding: 0 1rem;
  text-align: center;
  font-size: 1.5rem;
  cursor: pointer;
  border-radius: 5px;
  font-size: 1.3rem;
}

.c0 {
  display: -webkit-box;
  display: -webkit-flex;
  display: -ms-flexbox;
  display: flex;
  -webkit-flex-direction: row;
  -ms-flex-direction: row;
  flex-direction: row;
  height: 4.25rem;
  line-height: 4.25rem;
  color: white;
}

.c1 {
  display: -webkit-box;
  display: -webkit-flex;
  display: -ms-flexbox;
  display: flex;
  -webkit-flex-direction: row;
  -ms-flex-direction: row;
  flex-direction: row;
  -webkit-flex: 1;
  -ms-flex: 1;
  flex: 1;
  padding: 0.5rem;
  -webkit-box-pack: start;
  -webkit-justify-content: flex-start;
  -ms-flex-pack: start;
  justify-content: flex-start;
}

.c6 {
  display: -webkit-box;
  display: -webkit-flex;
  display: -ms-flexbox;
  display: flex;
  -webkit-flex-direction: row;
  -ms-flex-direction: row;
  flex-direction: row;
  -webkit-flex: 1;
  -ms-flex: 1;
  flex: 1;
  padding: 0.5rem;
  -webkit-box-pack: end;
  -webkit-justify-content: flex-end;
  -ms-flex-pack: end;
  justify-content: flex-end;
}

<div
  className="c0"
>
  <div
    className="c1"
  >
    <div
      onMouseOut={[Function]}
      onMouseOver={[Function]}
    >
      <div>
        <a
          href="/sessions"
          onClick={[Function]}
        >
          <div
            className="c2"
          >
            <i
              className="fa fa-home"
            />
          </div>
        </a>
      </div>
    </div>
  </div>
  <div
    className="c1"
  >
    <div
      className="c3"
    >
      <a
        href="/"
        onClick={[Function]}
      >
        <div
          className="c4"
        >
          <div
            className="c5"
            dangerouslySetInnerHTML={
              Object {
                "__html": Object {},
              }
            }
            height="12px"
          />
        </div>
      </a>
    </div>
  </div>
  <div
    className="c6"
  >
    <div
      className="c7"
    >
      
    </div>
    <a
      href="/settings"
      onClick={[Function]}
    >
      <div
        className="c2"
      >
        <i
          className="fa fa-cog"
        />
      </div>
    </a>
  </div>
</div>
`;
