// Jest Snapshot v1, https://goo.gl/fbAQLP

exports[`Login component renders correctly 1`] = `
<styled.div>
  <styled.h1>
    <Logo
      height="26px"
    />
  </styled.h1>
  <form
    onSubmit={[Function]}
  >
    <styled.input
      innerRef={
        Object {
          "current": null,
        }
      }
      name="username"
      placeholder="email"
      type="text"
    />
    <styled.input
      innerRef={
        Object {
          "current": null,
        }
      }
      name="password"
      placeholder="password"
      type="password"
    />
    <styled.button
      large={true}
      onClick={[Function]}
    >
      Login
    </styled.button>
    <styled.div>
      <Link
        replace={false}
        to="/forgot_password"
      >
        Forgot Password?
      </Link>
    </styled.div>
  </form>
</styled.div>
`;
