// Jest Snapshot v1, https://goo.gl/fbAQLP

exports[`Chat Compose component renders correctly 1`] = `
<form
  className="sc-bdVaJa bDWFJH"
>
  <textarea
    className="sc-bwzfXH lhFdOS"
    onChange={[Function]}
    onKeyUp={[Function]}
    placeholder="Send a message..."
    style={Object {}}
    type="text"
    value=""
  />
</form>
`;
