// Jest Snapshot v1, https://goo.gl/fbAQLP

exports[`Chat header component renders correctly 1`] = `
<div
  className="sc-htpNat cXsAUZ"
>
  <div
    className="sc-ifAKCX Tbqhp"
  >
    <div
      onMouseOut={[Function]}
      onMouseOver={[Function]}
    >
      <div>
        <div
          className="sc-bxivhb dHiVnA"
          onClick={[Function]}
        >
          <i
            className="fa fa-thumb-tack"
          />
        </div>
      </div>
    </div>
  </div>
</div>
`;
