// Jest Snapshot v1, https://goo.gl/fbAQLP

exports[`Chat component renders correctly 1`] = `
<div
  className="sc-cSHVUG wFwqG"
>
  <div
    className="sc-htpNat cXsAUZ"
  >
    <div
      className="sc-ifAKCX Tbqhp"
    >
      <div
        onMouseOut={[Function]}
        onMouseOver={[Function]}
      >
        <div>
          <div
            className="sc-bxivhb dHiVnA"
            onClick={[Function]}
          >
            <i
              className="fa fa-thumb-tack"
            />
          </div>
        </div>
      </div>
    </div>
  </div>
  <div
    className="sc-fjdhpX iCBxJD"
  >
    <div
      className="sc-jzJRlG fdcjVM"
    />
  </div>
  <form
    className="sc-bZQynM bOrPFB"
  >
    <textarea
      className="sc-gzVnrw jyodBd"
      onChange={[Function]}
      onKeyUp={[Function]}
      placeholder="Send a message..."
      style={Object {}}
      type="text"
      value=""
    />
  </form>
  <div
    className="sc-EHOje bHYLVn"
  >
    /roll 1d6, 
    <strong>
      *bold*
    </strong>
     
    <em>
      _italic_
    </em>
  </div>
</div>
`;
