// Jest Snapshot v1, https://goo.gl/fbAQLP

exports[`Chat MessageResult component renders correctly 1`] = `
<div
  className="sc-bwzfXH kHFWUx"
>
  <i
    className="fa fa-cube"
  />
   
  <span>
    <span>
      
      <span
        className="sc-bdVaJa koclZm"
        style={
          Object {
            "color": "inherit",
          }
        }
      >
        4
      </span>
    </span>
  </span>
   = 
  <span
    className="sc-htpNat ixiyzb"
  >
    4
  </span>
</div>
`;
