// Jest Snapshot v1, https://goo.gl/fbAQLP

exports[`Chat MessageResult component renders correctly 1`] = `
.c1 {
  font-weight: bold;
}

.c0 {
  padding: 0 1rem 0.2rem;
}

.c2 {
  font-weight: bold;
}

<div
  className="c0"
>
  <i
    className="fa fa-cube"
  />
   
  <span>
    <span>
      
      <span
        className="c1"
        style={
          Object {
            "color": "inherit",
          }
        }
      >
        4
      </span>
    </span>
  </span>
   = 
  <span
    className="c2"
  >
    4
  </span>
</div>
`;
