// Jest Snapshot v1, https://goo.gl/fbAQLP

exports[`Input component renders correctly 1`] = `
.c0 {
  padding: 1rem;
  border: 1px solid;
  border-radius: 4px;
  font-family: -apple-system,BlinkMacSystemFont,  "Segoe UI","Roboto","Oxygen","Ubuntu","Cantarell","Fira Sans","Droid Sans",  "Helvetica Neue",sans-serif;
  font-size: 1.5rem;
  line-height: 1;
}

<input
  className="c0"
/>
`;
