// Jest Snapshot v1, https://goo.gl/fbAQLP

exports[`App component redirects if no user is logged in 1`] = `
<Redirect
  push={false}
  to="/login"
/>
`;

exports[`App component renders correctly when finished loading 1`] = `
<Switch>
  <Route
    component={[Function]}
    exact={true}
    path="/sessions"
  />
  <Route
    component={[Function]}
    path="/g/:name/:id"
  />
</Switch>
`;

exports[`App component renders correctly when loading 1`] = `<LoadingModal />`;

exports[`App component renders correctly when settings should be showing 1`] = `
<Switch>
  <Route
    component={[Function]}
    exact={true}
    path="/sessions"
  />
  <Route
    component={[Function]}
    path="/g/:name/:id"
  />
</Switch>
`;
