// Jest Snapshot v1, https://goo.gl/fbAQLP

exports[`Header Home component renders correctly 1`] = `
<div
  onMouseOut={[Function]}
  onMouseOver={[Function]}
>
  <div>
    <div
      className="sc-htpNat cSgXwK"
      onClick={[Function]}
    >
      <i
        className="fa fa-home"
      />
    </div>
  </div>
</div>
`;
