// Jest Snapshot v1, https://goo.gl/fbAQLP

exports[`Chat Message component renders correctly 1`] = `
.c0 {
  padding: 0.5rem 0;
  border-bottom: 1px solid;
  display: inline-block;
  width: 100%;
}

.c0:first-child {
  margin-top: auto;
}

.c1 {
  font-weight: bold;
  font-size: 1.3rem;
  padding: 0.2rem 1rem 0;
}

.c2 {
  color: #999;
  font-weight: normal;
  font-style: italic;
}

.c3 {
  padding: 0 1rem 0.2rem;
}

<div
  className="c0"
>
  <div
    className="c1"
  >
    testUser
     
    <span
      className="c2"
      title={1970-01-01T00:00:00.000Z}
    >
      48 years ago
    </span>
  </div>
  <div
    className="c3"
  >
    text
  </div>
</div>
`;
