// Jest Snapshot v1, https://goo.gl/fbAQLP

exports[`Settings component renders correctly 1`] = `
.c0 {
  display: -webkit-box;
  display: -webkit-flex;
  display: -ms-flexbox;
  display: flex;
  position: fixed;
  top: 0;
  right: 0;
  bottom: 0;
  left: 0;
  background: rgba(0,0,0,0.5);
  opacity: 1;
  -webkit-transition: opacity 0.2s;
  transition: opacity 0.2s;
  -webkit-transition-timing-function: cubic-bezier(0.25,0.46,0.45,0.94);
  transition-timing-function: cubic-bezier(0.25,0.46,0.45,0.94);
  -webkit-transform: none;
  -ms-transform: none;
  transform: none;
}

.c1 {
  display: -webkit-box;
  display: -webkit-flex;
  display: -ms-flexbox;
  display: flex;
  -webkit-flex-direction: column;
  -ms-flex-direction: column;
  flex-direction: column;
  width: 600px;
  margin: auto;
  border-radius: 5px;
  padding: 2rem;
  box-shadow: 0 5px 10px rgba(0,0,0,0.3);
  background-color: #f7f7f7;
  -webkit-transform: scale(1);
  -ms-transform: scale(1);
  transform: scale(1);
  -webkit-transition: -webkit-transform 0.2s;
  -webkit-transition: transform 0.2s;
  transition: transform 0.2s;
  -webkit-transition-timing-function: cubic-bezier(0.25,0.46,0.45,0.94);
  transition-timing-function: cubic-bezier(0.25,0.46,0.45,0.94);
}

.c5 {
  display: inline-block;
  font-size: 1.3rem;
  line-height: 3rem;
  height: 3rem;
  padding: 0 1rem;
  outline: 0;
  color: #eee;
  background: #046380;
  box-shadow: inset 0 -20px 10px -10px #045d78;
  border: none;
  border-radius: 4px;
  cursor: pointer;
  -webkit-transition: background,box-shadow;
  transition: background,box-shadow;
  -webkit-transition-duration: 0.1s;
  transition-duration: 0.1s;
  -webkit-transition-timing-function: cubic-bezier(0.25,0.46,0.45,0.94);
  transition-timing-function: cubic-bezier(0.25,0.46,0.45,0.94);
  -webkit-flex: 1;
  -ms-flex: 1;
  flex: 1;
  background: #8c9b7a;
  box-shadow: inset 0 -20px 10px -10px #849273;
}

.c5:hover {
  background: #045a74;
  box-shadow: inset 0 -20px 10px -10px #03546d;
  -webkit-transition: background,box-shadow;
  transition: background,box-shadow;
  -webkit-transition-duration: 0.1s;
  transition-duration: 0.1s;
  -webkit-transition-timing-function: cubic-bezier(0.25,0.46,0.45,0.94);
  transition-timing-function: cubic-bezier(0.25,0.46,0.45,0.94);
}

.c5:hover {
  background: #7f8d6f;
  box-shadow: inset 0 -20px 10px -10px #778468;
}

.c8 {
  display: inline-block;
  font-size: 1.3rem;
  line-height: 3rem;
  height: 3rem;
  padding: 0 1rem;
  outline: 0;
  color: #eee;
  background: #046380;
  box-shadow: inset 0 -20px 10px -10px #045d78;
  border: none;
  border-radius: 4px;
  cursor: pointer;
  -webkit-transition: background,box-shadow;
  transition: background,box-shadow;
  -webkit-transition-duration: 0.1s;
  transition-duration: 0.1s;
  -webkit-transition-timing-function: cubic-bezier(0.25,0.46,0.45,0.94);
  transition-timing-function: cubic-bezier(0.25,0.46,0.45,0.94);
  -webkit-flex: 1;
  -ms-flex: 1;
  flex: 1;
  background: #bf3542;
  box-shadow: inset 0 -20px 10px -10px #b4323e;
}

.c8:hover {
  background: #045a74;
  box-shadow: inset 0 -20px 10px -10px #03546d;
  -webkit-transition: background,box-shadow;
  transition: background,box-shadow;
  -webkit-transition-duration: 0.1s;
  transition-duration: 0.1s;
  -webkit-transition-timing-function: cubic-bezier(0.25,0.46,0.45,0.94);
  transition-timing-function: cubic-bezier(0.25,0.46,0.45,0.94);
}

.c8:hover {
  background: #ae303c;
  box-shadow: inset 0 -20px 10px -10px #a22d38;
}

.c7 {
  margin-top: 2rem;
  display: -webkit-box;
  display: -webkit-flex;
  display: -ms-flexbox;
  display: flex;
}

.c2 {
  font-size: 1.3rem;
  color: #3c3c3c;
  font-weight: bold;
  display: block;
}

.c3 {
  position: relative;
  background: transparent;
  border: none;
  border-radius: 0;
  padding-left: 0;
  border-bottom: 1px solid #cdc5ba;
  color: black;
  margin: 0 0 1rem;
  width: 100%;
}

.c3:hover {
  cursor: pointer;
}

.c6 {
  display: inline-block;
  font-size: 1.3rem;
  line-height: 3rem;
  height: 3rem;
  padding: 0 1rem;
  outline: 0;
  color: #eee;
  background: #046380;
  box-shadow: inset 0 -20px 10px -10px #045d78;
  border: none;
  border-radius: 4px;
  cursor: pointer;
  -webkit-transition: background,box-shadow;
  transition: background,box-shadow;
  -webkit-transition-duration: 0.1s;
  transition-duration: 0.1s;
  -webkit-transition-timing-function: cubic-bezier(0.25,0.46,0.45,0.94);
  transition-timing-function: cubic-bezier(0.25,0.46,0.45,0.94);
  -webkit-flex: 1;
  -ms-flex: 1;
  flex: 1;
  background: transparent;
  box-shadow: none;
  border: 1px solid black;
  color: black;
  margin-left: 5px;
}

.c6:hover {
  background: #045a74;
  box-shadow: inset 0 -20px 10px -10px #03546d;
  -webkit-transition: background,box-shadow;
  transition: background,box-shadow;
  -webkit-transition-duration: 0.1s;
  transition-duration: 0.1s;
  -webkit-transition-timing-function: cubic-bezier(0.25,0.46,0.45,0.94);
  transition-timing-function: cubic-bezier(0.25,0.46,0.45,0.94);
}

.c6:hover {
  box-shadow: inset 0 -20px 10px -10px #d2d2d2;
  background: transparent;
}

.c4 {
  display: -webkit-box;
  display: -webkit-flex;
  display: -ms-flexbox;
  display: flex;
}

<div
  className="c0"
>
  <div
    className="c1"
  >
    <div>
      <div>
        <label
          className="c2"
        >
          Display Name:
        </label>
        <div
          className="c3"
          onClick={[Function]}
          onMouseEnter={[Function]}
          onMouseLeave={[Function]}
        >
          test
        </div>
      </div>
      <div>
        <label
          className="c2"
        >
          Theme
        </label>
        <div
          className="c4"
        >
          <button
            className="c5"
            onClick={[Function]}
          >
            Light
          </button>
          <button
            className="c6"
            onClick={[Function]}
          >
            Dark
          </button>
        </div>
      </div>
      <div
        className="c7"
      >
        <button
          className="c8"
          onClick={[Function]}
        >
          Logout
        </button>
      </div>
    </div>
  </div>
</div>
`;
