// Jest Snapshot v1, https://goo.gl/fbAQLP

exports[`Settings Logout component renders correctly 1`] = `
.c1 {
  display: inline-block;
  font-size: 1.3rem;
  line-height: 3rem;
  height: 3rem;
  padding: 0 1rem;
  outline: 0;
  color: #eee;
  background: #046380;
  box-shadow: inset 0 -20px 10px -10px #045d78;
  border: none;
  border-radius: 4px;
  cursor: pointer;
  -webkit-transition: background,box-shadow;
  transition: background,box-shadow;
  -webkit-transition-duration: 0.1s;
  transition-duration: 0.1s;
  -webkit-transition-timing-function: cubic-bezier(0.25,0.46,0.45,0.94);
  transition-timing-function: cubic-bezier(0.25,0.46,0.45,0.94);
  -webkit-flex: 1;
  -ms-flex: 1;
  flex: 1;
  background: #bf3542;
  box-shadow: inset 0 -20px 10px -10px #b4323e;
}

.c1:hover {
  background: #045a74;
  box-shadow: inset 0 -20px 10px -10px #03546d;
  -webkit-transition: background,box-shadow;
  transition: background,box-shadow;
  -webkit-transition-duration: 0.1s;
  transition-duration: 0.1s;
  -webkit-transition-timing-function: cubic-bezier(0.25,0.46,0.45,0.94);
  transition-timing-function: cubic-bezier(0.25,0.46,0.45,0.94);
}

.c1:hover {
  background: #ae303c;
  box-shadow: inset 0 -20px 10px -10px #a22d38;
}

.c0 {
  margin-top: 2rem;
  display: -webkit-box;
  display: -webkit-flex;
  display: -ms-flexbox;
  display: flex;
}

<div
  className="c0"
>
  <button
    className="c1"
    onClick={[Function]}
  >
    Logout
  </button>
</div>
`;
