// Jest Snapshot v1, https://goo.gl/fbAQLP

exports[`Sidebar Menu component renders correctly 1`] = `
<div
  className="sc-bxivhb cKnMKR"
>
  <div
    onMouseOut={[Function]}
    onMouseOver={[Function]}
  >
    <div>
      <div
        className="sc-htpNat lmVwuW"
        onClick={[Function]}
        selected={true}
      >
        <i
          className="fa fa-globe"
        />
      </div>
    </div>
  </div>
  <div
    onMouseOut={[Function]}
    onMouseOver={[Function]}
  >
    <div>
      <div
        className="sc-htpNat gFRrkw"
        onClick={[Function]}
        selected={false}
      >
        <i
          className="fa fa-id-card-o"
        />
      </div>
    </div>
  </div>
</div>
`;
