// Jest Snapshot v1, https://goo.gl/fbAQLP

exports[`Sidebar MenuItem component renders correctly 1`] = `
<div
  onMouseOut={[Function]}
  onMouseOver={[Function]}
>
  <div>
    <div
      className="sc-htpNat lmVwuW"
      onClick={[Function]}
      selected={true}
    >
      <i
        className="fa icon"
      />
    </div>
  </div>
</div>
`;
