// Jest Snapshot v1, https://goo.gl/fbAQLP

exports[`Settings component renders correctly 1`] = `
<div
  className="sc-bdVaJa brBhVF"
>
  <div
    className="sc-bwzfXH eXaRNR"
  >
    <div>
      <div>
        <label
          className="sc-ifAKCX iyagNL"
        >
          Display Name:
        </label>
        <div
          className="sc-gzVnrw hFWLX"
          onClick={[Function]}
          onMouseEnter={[Function]}
          onMouseLeave={[Function]}
        >
          test
        </div>
      </div>
      <div>
        <label
          className="sc-ifAKCX iyagNL"
        >
          Theme
        </label>
        <div
          className="sc-iwsKbI SIqHi"
        >
          <button
            className="sc-htpNat cwhfPC"
            onClick={[Function]}
          >
            Light
          </button>
          <button
            className="sc-dnqmqq gPRboo"
            onClick={[Function]}
          >
            Dark
          </button>
        </div>
      </div>
      <div
        className="sc-bxivhb bIqXCY"
      >
        <button
          className="sc-htpNat hnNRQd"
          onClick={[Function]}
        >
          Logout
        </button>
      </div>
    </div>
  </div>
</div>
`;
