// Jest Snapshot v1, https://goo.gl/fbAQLP

exports[`Loading component renders correctly 1`] = `
.c0 {
  display: -webkit-box;
  display: -webkit-flex;
  display: -ms-flexbox;
  display: flex;
  -webkit-flex-direction: column;
  -ms-flex-direction: column;
  flex-direction: column;
  -webkit-align-items: stretch;
  -webkit-box-align: stretch;
  -ms-flex-align: stretch;
  align-items: stretch;
  position: absolute;
  background: #046380;
  top: 0;
  left: 0;
  right: 0;
  bottom: 0;
}

.c1 {
  margin: auto;
}

.c2 {
  -webkit-animation: iECmZH 1.4s infinite linear;
  animation: iECmZH 1.4s infinite linear;
  -webkit-transform: translateZ(0);
  -ms-transform: translateZ(0);
  transform: translateZ(0);
  margin: 1rem auto 0;
  width: 80px;
  height: 80px;
}

<div
  className="c0"
>
  <div
    className="c1"
  >
    <img
      className="c2"
      src={Object {}}
    />
  </div>
</div>
`;
